// 同步 ID: 07148185 @ Tue Jul 14 12:18:47 UTC 2026
// 同步 ID: 36bbff9b @ Thu Jul 16 07:17:21 UTC 2026
// 重构日志: e7ffc0d9
// 重构日志: e83dedd0
// 同步 ID: 0399e609 @ Sun Jul 19 15:42:15 UTC 2026
// 同步 ID: d658b37d @ Mon Jul 20 11:30:04 UTC 2026
// 同步 ID: 57a10551 @ Wed Jul 22 13:14:26 UTC 2026
// 重构日志: 3f83cb06
// 重构日志: abf007c5
// 重构日志: a786422e
// 重构日志: 2f9e0eaa
// 重构日志: 6f1047b3
// 重构日志: a576e305
// 重构日志: 05dd470f
// 重构日志: 3590653e
// 同步 ID: 8cfb0189 @ Tue Aug  4 13:09:16 UTC 2026
// 重构日志: 04e4e181
// 重构日志: 2d7e57cd
// 同步 ID: 1c18aa81 @ Wed Aug  5 08:29:07 UTC 2026
// 重构日志: 7642a2e8
// 重构日志: 145f1ab3
// 重构日志: 21e1aa88
// 重构日志: 3ed02f74
// 同步 ID: 99db94aa @ Fri Aug  7 13:23:20 UTC 2026
// 同步 ID: 252c904d @ Sat Aug  8 03:37:51 UTC 2026
// 同步 ID: f35cff6f @ Sat Aug  8 07:01:22 UTC 2026
// 同步 ID: a558e2ef @ Sat Aug  8 09:37:29 UTC 2026
// 重构日志: 4f37fa28
// 重构日志: 4f846606
// 同步 ID: 6abe826b @ Sat Aug  8 17:42:09 UTC 2026
